// Jest Snapshot v1, https://goo.gl/fbAQLP

exports[`CodeEditor should render correctly with code 1`] = `
<TextInput
  autoCapitalize="none"
  autoCorrect={false}
  blurOnSubmit={false}
  keyboardType="ascii-capable"
  multiline={true}
  onChangeText={[Function]}
  style={
    Object {
      "backgroundColor": "#222",
      "color": "white",
      "fontSize": 15,
      "height": "100%",
      "padding": 5,
      "textAlignVertical": "top",
    }
  }
  underlineColorAndroid="transparent"
>
  <Text
    accessible={true}
    allowFontScaling={true}
    disabled={false}
    ellipsizeMode="tail"
  >
    <Text
      accessible={true}
      allowFontScaling={true}
      disabled={false}
      ellipsizeMode="tail"
      style={
        Object {
          "color": "#eee",
        }
      }
    >
      
    </Text>
    <Text
      accessible={true}
      allowFontScaling={true}
      disabled={false}
      ellipsizeMode="tail"
      style={
        Object {
          "color": "#71d5c3",
        }
      }
    >
      console
    </Text>
    <Text
      accessible={true}
      allowFontScaling={true}
      disabled={false}
      ellipsizeMode="tail"
      style={
        Object {
          "color": "#eee",
        }
      }
    >
      
    </Text>
    <Text
      accessible={true}
      allowFontScaling={true}
      disabled={false}
      ellipsizeMode="tail"
      style={
        Object {
          "color": "#769aa5",
        }
      }
    >
      .
    </Text>
    <Text
      accessible={true}
      allowFontScaling={true}
      disabled={false}
      ellipsizeMode="tail"
      style={
        Object {
          "color": "#eee",
        }
      }
    >
      log
    </Text>
    <Text
      accessible={true}
      allowFontScaling={true}
      disabled={false}
      ellipsizeMode="tail"
      style={
        Object {
          "color": "#769aa5",
        }
      }
    >
      (
    </Text>
    <Text
      accessible={true}
      allowFontScaling={true}
      disabled={false}
      ellipsizeMode="tail"
      style={
        Object {
          "color": "#eee",
        }
      }
    >
      
    </Text>
    <Text
      accessible={true}
      allowFontScaling={true}
      disabled={false}
      ellipsizeMode="tail"
      style={
        Object {
          "color": "#cc7832",
        }
      }
    >
      'Hello'
    </Text>
    <Text
      accessible={true}
      allowFontScaling={true}
      disabled={false}
      ellipsizeMode="tail"
      style={
        Object {
          "color": "#eee",
        }
      }
    >
      
    </Text>
    <Text
      accessible={true}
      allowFontScaling={true}
      disabled={false}
      ellipsizeMode="tail"
      style={
        Object {
          "color": "#769aa5",
        }
      }
    >
      )
    </Text>
    <Text
      accessible={true}
      allowFontScaling={true}
      disabled={false}
      ellipsizeMode="tail"
      style={
        Object {
          "color": "#eee",
        }
      }
    >
      ;
    </Text>
  </Text>
</TextInput>
`;
