// Jest Snapshot v1, https://goo.gl/fbAQLP

exports[`Output should render the Output correctly 1`] = `
<View
  style={
    Object {
      "borderColor": "#777",
      "borderTopWidth": 5,
      "flex": 1,
      "flexDirection": "row",
      "padding": 10,
    }
  }
>
  <View
    style={
      Object {
        "flex": 15,
      }
    }
  >
    <RCTScrollView>
      <View>
        <View
          style={undefined}
        >
          <Text
            accessible={true}
            allowFontScaling={true}
            ellipsizeMode="tail"
            style={
              Object {
                "color": "black",
              }
            }
          >
            Hello
          </Text>
        </View>
        <View
          style={undefined}
        >
          <Text
            accessible={true}
            allowFontScaling={true}
            ellipsizeMode="tail"
            style={
              Object {
                "color": "darkred",
              }
            }
          >
            World!
          </Text>
        </View>
      </View>
    </RCTScrollView>
  </View>
  <View
    style={
      Object {
        "flex": 1,
      }
    }
  >
    <View
      accessibilityComponentType={undefined}
      accessibilityLabel={undefined}
      accessibilityTraits={undefined}
      accessible={true}
      collapsable={undefined}
      hasTVPreferredFocus={undefined}
      hitSlop={undefined}
      isTVSelectable={true}
      nativeID={undefined}
      onLayout={undefined}
      onResponderGrant={[Function]}
      onResponderMove={[Function]}
      onResponderRelease={[Function]}
      onResponderTerminate={[Function]}
      onResponderTerminationRequest={[Function]}
      onStartShouldSetResponder={[Function]}
      style={
        Object {
          "opacity": 1,
        }
      }
      testID={undefined}
      tvParallaxProperties={undefined}
    >
      <Image
        source={
          Object {
            "testUri": "../../../assets/delete.png",
          }
        }
        style={
          Object {
            "alignSelf": "flex-end",
            "height": 20,
            "tintColor": "#777",
            "width": 20,
          }
        }
      />
    </View>
  </View>
</View>
`;
